// Jest Snapshot v1, https://goo.gl/fbAQLP

exports[`<ForgotPassword /> should render the <ForgotPassword /> 1`] = `
<section
  className="main-content middle-content"
>
  <form
    className="bg-primary-light centered-form margin-content"
  >
    <div
      className="color-primary to-center"
    >
      <h2>
        RESET YOUR PASSWORD
      </h2>
    </div>
    <div
      className="content-padding-h"
    >
      <div
        className="form-errors"
      >
        <span>
          
        </span>
      </div>
      <div
        className="content-margin-bottom"
      >
        <div
          className="input primary"
        >
          <i
            className="fa fa-at"
          />
          <input
            className="input"
            name="email"
            onChange={[Function]}
            placeholder="Enter Your Email"
            type="text"
            value=""
          />
        </div>
        
      </div>
      <button
        className="button primary color-white content-margin width-100 "
        disabled=""
        onClick={[Function]}
        type="button"
      >
        Reset Password
      </button>
    </div>
  </form>
</section>
`;
