// Jest Snapshot v1, https://goo.gl/fbAQLP

exports[`<Login /> should render the <Login /> 1`] = `
<div>
  <form
    className="bg-primary-light login-form"
    id="login"
  >
    <div
      className="color-primary to-center"
    >
      <h2>
        LOG IN
      </h2>
    </div>
    <div
      className="form-errors"
      data-test="form-errors"
    >
      
    </div>
    <div
      className="input primary"
    >
      <i
        className="fa fa-user"
      />
      <input
        className="bg-primary-light"
        name="username"
        onChange={[Function]}
        placeholder="Username / Email"
        type="text"
        value=""
      />
      <div
        className="errors"
      />
    </div>
    <div
      className="input primary"
    >
      <i
        className="fa fa-lock"
      />
      <input
        className="bg-primary-light"
        name="password"
        onChange={[Function]}
        placeholder="Password"
        type="password"
        value=""
      />
      <div
        className="errors"
      />
    </div>
    <div
      className="align-right"
      id="forget-psswd"
    >
      <a
        href="/forgot-password"
        onClick={[Function]}
      >
        Forgot Password?
      </a>
    </div>
    <button
      className="button primary color-white "
      disabled=""
      onClick={[Function]}
      type="button"
    >
      Log In
    </button>
    <div
      className="icon-group"
    >
      <div
        data-test="fb-container"
        id="fb"
      >
        <a
          data-test="fb-a"
          href="/#"
        >
          <img
            alt="fb-logo"
            data-test="fb-img"
            src="test-file-stub"
          />
        </a>
      </div>
      <div
        data-test="twbs-container"
        id="twbs"
      >
        <a
          data-test="twbs-a"
          href="/#"
        >
          <img
            alt="twbs-logo"
            data-test="twbs-img"
            src="test-file-stub"
          />
        </a>
      </div>
      <div
        data-test="gl-container"
        id="gl"
      >
        <a
          data-test="gl-a"
          href="/#"
        >
          <img
            alt="gl-logo"
            data-test="gl-img"
            src="test-file-stub"
          />
        </a>
      </div>
    </div>
    <div
      className="to-center"
      id="form-link"
    >
      <span>
        Not a member?
      </span>
      <a
        href="#signup"
      >
        Sign Up
      </a>
    </div>
  </form>
</div>
`;
